
> claudstream_1@0.1.0 build
> next build

node.exe : Γ¿» Another next build process is already running.
At line:1 char:1
+ & "C:\Users\sharu\AppData\Local\Microsoft\WinGet\Packages\OpenJS.Node ...
+ ~~~~~~~~~~~~~~~~~~~~~~~~~~~~~~~~~~~~~~~~~~~~~~~~~~~~~~~~~~~~~~~~~~~~~
    + CategoryInfo          : NotSpecified: (Γ¿» Another nex...lready running.:String) [], RemoteException
    + FullyQualifiedErrorId : NativeCommandError
 

  This could be:
  - A next build still in progress
  - A previous build that didn't exit cleanly

  Suggestion: Wait for the build to complete.
